../../../../../Drivers/STM32WLxx_HAL_Driver/Inc/stm32wlxx_ll_rcc.h:1258:22:LL_RCC_LSE_SetDriveCapability	16	static
../../../../../Drivers/STM32WLxx_HAL_Driver/Inc/stm32wlxx_ll_bus.h:449:22:LL_AHB2_GRP1_EnableClock	24	static
../Core/Src/main.c:95:5:main	48	static
../Core/Src/main.c:148:6:SystemClock_Config	112	static
../Core/Src/main.c:196:13:MX_LPTIM1_Init	8	static
../Core/Src/main.c:230:6:MX_GPIO_Init	32	static
../Core/Src/main.c:271:9:LED_control	16	static
../Core/Src/main.c:280:6:StartLedTask	16	static
../Core/Src/main.c:299:6:StartLoRaWANTask	16	static
../Core/Src/main.c:327:6:Error_Handler	4	static,ignoring_inline_asm
